// Jest Snapshot v1, https://goo.gl/fbAQLP

exports[`Should match the component snapshot 1`] = `
<div
  className="book-shelf"
>
  <h2
    className="book-shelf-title"
  >
    currentlyReading
  </h2>
  <Shelf>
    <Component />
  </Shelf>
</div>
`;
