// Jest Snapshot v1, https://goo.gl/fbAQLP

exports[`Should match the component snapshot 1`] = `
<div
  className="open-search"
>
  <Link
    replace={false}
    to="/search"
  >
    Add a book
  </Link>
</div>
`;
